// Jest Snapshot v1, https://goo.gl/fbAQLP

exports[`Given a TypeList component When is invoked Then it is renders correctly 1`] = `
<View
  style={
    Object {
      "flex": 1,
    }
  }
>
  <View
    style={
      Object {
        "height": 1227.28,
        "overflow": "hidden",
        "paddingBottom": 10,
      }
    }
  >
    <View
      onLayout={[Function]}
      style={
        Array [
          Object {
            "backgroundColor": "transparent",
            "flex": 1,
            "position": "relative",
          },
          undefined,
        ]
      }
    >
      <RCTScrollView
        activeDotStyle={
          Object {
            "backgroundColor": "#2E3192",
          }
        }
        automaticallyAdjustContentInsets={false}
        autoplay={true}
        autoplayDirection={true}
        autoplayTimeout={2.5}
        bounces={false}
        contentContainerStyle={
          Array [
            Object {
              "backgroundColor": "transparent",
            },
            undefined,
          ]
        }
        contentOffset={
          Object {
            "x": 0,
          }
        }
        disableNextButton={false}
        disablePrevButton={false}
        dotStyle={
          Object {
            "backgroundColor": "#E6E6E6",
            "opacity": 0.4,
          }
        }
        horizontal={true}
        index={0}
        loadMinimal={false}
        loadMinimalSize={1}
        loop={true}
        onIndexChanged={[Function]}
        onMomentumScrollEnd={[Function]}
        onScrollBeginDrag={[Function]}
        onScrollEndDrag={[Function]}
        paginationStyle={
          Object {
            "bottom": 6,
          }
        }
        pagingEnabled={true}
        removeClippedSubviews={false}
        scrollsToTop={false}
        showsButtons={false}
        showsHorizontalScrollIndicator={false}
        showsPagination={true}
        showsVerticalScrollIndicator={false}
      >
        <View>
          <View
            style={
              Array [
                Object {
                  "height": 1334,
                  "width": 750,
                },
                Object {
                  "backgroundColor": "transparent",
                },
              ]
            }
          >
            <RNGestureHandlerButton
              collapsable={false}
              onGestureEvent={[Function]}
              onGestureHandlerEvent={[Function]}
              onGestureHandlerStateChange={[Function]}
              onHandlerStateChange={[Function]}
              rippleColor={0}
              testID="navigation"
            >
              <View
                accessible={true}
              >
                <View
                  accessibilityIgnoresInvertColors={true}
                  style={
                    Object {
                      "height": 1227.28,
                      "width": 750,
                    }
                  }
                >
                  <Image
                    source={
                      Object {
                        "uri": undefined,
                      }
                    }
                    style={
                      Array [
                        Object {
                          "bottom": 0,
                          "left": 0,
                          "position": "absolute",
                          "right": 0,
                          "top": 0,
                        },
                        Object {
                          "height": 1227.28,
                          "width": 750,
                        },
                        undefined,
                      ]
                    }
                  />
                  <View
                    style={
                      Object {
                        "alignItems": "center",
                        "height": 1227.28,
                        "justifyContent": "center",
                        "width": 750,
                      }
                    }
                  >
                    <Text
                      style={
                        Object {
                          "color": "white",
                          "fontFamily": "MontserratMedium",
                          "fontSize": 25,
                          "letterSpacing": 5,
                        }
                      }
                    >
                      RINGS
                    </Text>
                    <Text
                      forwardedRef={[Function]}
                      style={
                        Object {
                          "color": "white",
                          "fontFamily": "MontserratMedium",
                          "fontSize": 18,
                          "marginTop": 50,
                          "textDecorationLine": "underline",
                          "transform": Array [
                            Object {
                              "scale": 1,
                            },
                          ],
                        }
                      }
                    >
                      SEE ALL
                    </Text>
                  </View>
                </View>
              </View>
            </RNGestureHandlerButton>
          </View>
        </View>
      </RCTScrollView>
    </View>
    <View
      style={
        Object {
          "alignItems": "center",
          "backgroundColor": "#2E3192",
          "height": 66.7,
          "justifyContent": "center",
        }
      }
    >
      <Text
        style={
          Object {
            "color": "white",
            "fontFamily": "RalewayRegular",
            "fontSize": 18,
            "margin": 5,
            "textAlign": "center",
          }
        }
      >
        WELCOME TO WAND SHOP
      </Text>
    </View>
  </View>
</View>
`;
