// Jest Snapshot v1, https://goo.gl/fbAQLP

exports[`Given a Home component When is rendered Then is rendered correct 1`] = `
<RCTScrollView
  bounces={false}
  collapsable={false}
  onGestureHandlerEvent={[Function]}
  onGestureHandlerStateChange={[Function]}
  showsVerticalScrollIndicator={false}
>
  <View>
    <View
      style={
        Object {
          "flex": 1,
        }
      }
    >
      <View
        style={
          Object {
            "height": 1227.28,
            "overflow": "hidden",
            "paddingBottom": 10,
          }
        }
      >
        <
          activeDotStyle={
            Object {
              "backgroundColor": "#2E3192",
            }
          }
          autoplay={true}
          autoplayDirection={true}
          bounces={false}
          dotStyle={
            Object {
              "backgroundColor": "#E6E6E6",
              "opacity": 0.4,
            }
          }
          paginationStyle={
            Object {
              "bottom": 6,
            }
          }
          removeClippedSubviews={false}
          showsButtons={false}
        />
        <View
          style={
            Object {
              "alignItems": "center",
              "backgroundColor": "#2E3192",
              "height": 66.7,
              "justifyContent": "center",
            }
          }
        >
          <Text
            style={
              Object {
                "color": "white",
                "fontFamily": "RalewayRegular",
                "fontSize": 18,
                "margin": 5,
                "textAlign": "center",
              }
            }
          >
            WELCOME TO WAND SHOP
          </Text>
        </View>
      </View>
    </View>
    <View
      style={
        Object {
          "margin": 10,
          "paddingBottom": 50,
          "paddingTop": 30,
        }
      }
    >
      <Text
        style={
          Object {
            "fontFamily": "RalewayRegular",
            "fontSize": 18,
            "margin": 10,
          }
        }
      >
        New arrivals
      </Text>
      <RCTScrollView
        bounces={false}
        horizontal={true}
        showsHorizontalScrollIndicator={false}
      >
        <View />
      </RCTScrollView>
    </View>
  </View>
</RCTScrollView>
`;
